import roombaide.core.*; 
import roombaide.data.*; 
import roombaide.event.*; 
import roombaide.opengl.*; 

import java.util.HashMap; 
import java.util.ArrayList; 
import java.io.File; 
import java.io.BufferedReader; 
import java.io.PrintWriter; 
import java.io.InputStream; 
import java.io.OutputStream; 
import java.io.IOException; 

public class bug427g extends PApplet {

static final boolean DEBUG = true;

public void setup() {
  MyClass x = new MyClass();
}

public class MyClass {
    public MyClass() {
        if (DEBUG) println("Debug");
    }
}


    static public void main(String[] passedArgs) {
        String[] appletArgs = new String[] { "bug427g" };
        if (passedArgs != null) {
          PApplet.main(concat(appletArgs, passedArgs));
        } else {
          PApplet.main(appletArgs);
        }
    }
}
